// Vitest Snapshot v1

exports[`Blocks 1`] = `
[
  {
    "close": "1000000000",
    "high": "1000000000",
    "low": "1000000000",
    "open": "1000000000",
    "timestamp": "1628166822",
  },
  {
    "close": "1124967822",
    "high": "1124967822",
    "low": "1124967822",
    "open": "1124967822",
    "timestamp": "1628166835",
  },
  {
    "close": "1265451421",
    "high": "1265451421",
    "low": "1265451421",
    "open": "1265451421",
    "timestamp": "1628166854",
  },
  {
    "close": "1423420054",
    "high": "1423420054",
    "low": "1423420054",
    "open": "1423420054",
    "timestamp": "1628166857",
  },
  {
    "close": "1601260312",
    "high": "1601260312",
    "low": "1601260312",
    "open": "1601260312",
    "timestamp": "1628166868",
  },
]
`;

exports[`Daily candles 1`] = `
[
  {
    "close": "31482701667",
    "high": "475851627539",
    "low": "1000000000",
    "open": "1000000000",
    "timestamp": "1628121600",
  },
  {
    "close": "42893399308",
    "high": "168558792698",
    "low": "18570858888",
    "open": "34641694922",
    "timestamp": "1628208000",
  },
  {
    "close": "70230099613",
    "high": "84047627015",
    "low": "23057420646",
    "open": "43452165186",
    "timestamp": "1628294400",
  },
  {
    "close": "29878910220",
    "high": "798484721471",
    "low": "16208986177",
    "open": "79006768622",
    "timestamp": "1628380800",
  },
  {
    "close": "37165550299",
    "high": "195220167163",
    "low": "17832066998",
    "open": "26921227286",
    "timestamp": "1628467200",
  },
  {
    "close": "38606754635",
    "high": "1866471906140",
    "low": "21950599207",
    "open": "41134634288",
    "timestamp": "1628553600",
  },
]
`;

exports[`Subscribe 1`] = `
[
  {
    "close": "9900346155",
    "high": "10048136236",
    "low": "9485515605",
    "open": "9650738006",
    "timestamp": "1695122400",
  },
]
`;

exports[`Weekly candles 1`] = `
[
  {
    "close": "29878910220",
    "high": "798484721471",
    "low": "1000000000",
    "open": "1000000000",
    "timestamp": "1627862400",
  },
  {
    "close": "38780276579",
    "high": "1866471906140",
    "low": "17290998564",
    "open": "26921227286",
    "timestamp": "1628467200",
  },
  {
    "close": "23827814264",
    "high": "704414537754",
    "low": "11689438352",
    "open": "43538780365",
    "timestamp": "1629072000",
  },
  {
    "close": "70638856142",
    "high": "2889181363031",
    "low": "17935408442",
    "open": "26804163353",
    "timestamp": "1629676800",
  },
  {
    "close": "84176648356",
    "high": "2444011563222",
    "low": "37833636195",
    "open": "79460053424",
    "timestamp": "1630281600",
  },
  {
    "close": "41703237368",
    "high": "3941920362218",
    "low": "28689995635",
    "open": "81987919992",
    "timestamp": "1630886400",
  },
]
`;
