// Vitest Snapshot v1

exports[`Daily candles - EIP 1559 1`] = `
[
  {
    "close": "2829.35",
    "high": "2845",
    "low": "2530.69",
    "open": "2724.71",
    "timestamp": "1628121600",
    "volume": "326176.98753449",
  },
  {
    "close": "2892.98",
    "high": "2949.21",
    "low": "2721",
    "open": "2829.49",
    "timestamp": "1628208000",
    "volume": "283374.42059615",
  },
  {
    "close": "3163.09",
    "high": "3173.72",
    "low": "2866.58",
    "open": "2892.83",
    "timestamp": "1628294400",
    "volume": "299359.36243726",
  },
  {
    "close": "3014.13",
    "high": "3191.99",
    "low": "2948.76",
    "open": "3163.09",
    "timestamp": "1628380800",
    "volume": "244654.45876056",
  },
  {
    "close": "3162.34",
    "high": "3190",
    "low": "2892.5",
    "open": "3014.12",
    "timestamp": "1628467200",
    "volume": "315853.32665056",
  },
  {
    "close": "3142.09",
    "high": "3235.1",
    "low": "3051",
    "open": "3162.33",
    "timestamp": "1628553600",
    "volume": "223500.03188943",
  },
]
`;

exports[`Daily candles 1`] = `
[
  {
    "close": "13.18",
    "high": "14.93",
    "low": "12.5",
    "open": "12.5",
    "timestamp": "1463529600",
    "volume": "482.52182654",
  },
  {
    "close": "14.9",
    "high": "14.9",
    "low": "13",
    "open": "13.18",
    "timestamp": "1463616000",
    "volume": "950.44120523",
  },
  {
    "close": "14.17",
    "high": "14.82",
    "low": "13.71",
    "open": "14.82",
    "timestamp": "1463702400",
    "volume": "254.16661711",
  },
  {
    "close": "13.61",
    "high": "13.91",
    "low": "13.61",
    "open": "13.86",
    "timestamp": "1463961600",
    "volume": "180.78671194",
  },
  {
    "close": "12.77",
    "high": "13.74",
    "low": "12",
    "open": "13.68",
    "timestamp": "1464048000",
    "volume": "2753.23929761",
  },
]
`;

exports[`Hourly candles - EIP 1559 1`] = `
[
  {
    "close": "2705.07",
    "high": "2742",
    "low": "2697.11",
    "open": "2724.71",
    "timestamp": "1628121600",
    "volume": "7799.42127091",
  },
  {
    "close": "2690.02",
    "high": "2708.78",
    "low": "2665",
    "open": "2705.07",
    "timestamp": "1628125200",
    "volume": "12385.58325474",
  },
  {
    "close": "2698.39",
    "high": "2700",
    "low": "2675",
    "open": "2690.01",
    "timestamp": "1628128800",
    "volume": "4633.67463858",
  },
  {
    "close": "2712.12",
    "high": "2721.16",
    "low": "2690.66",
    "open": "2698.39",
    "timestamp": "1628132400",
    "volume": "7160.95978414",
  },
  {
    "close": "2694.42",
    "high": "2721.1",
    "low": "2679",
    "open": "2711.98",
    "timestamp": "1628136000",
    "volume": "5054.41449922",
  },
]
`;
