// Vitest Snapshot v1

exports[`Daily candles in ETH 1`] = `
[
  {
    "close": 0.000661136735007,
    "high": 0.009992884178319,
    "low": 0.000021,
    "open": 0.000021,
    "timestamp": "1628121600",
  },
  {
    "close": 0.000900761385468,
    "high": 0.003539734646658,
    "low": 0.000389988036648,
    "open": 0.000727475593362,
    "timestamp": "1628208000",
  },
  {
    "close": 0.001474832091873,
    "high": 0.001765000167315,
    "low": 0.000484205833566,
    "open": 0.000912495468906,
    "timestamp": "1628294400",
  },
  {
    "close": 0.00062745711462,
    "high": 0.016768179150891,
    "low": 0.000340388709717,
    "open": 0.001659142141062,
    "timestamp": "1628380800",
  },
  {
    "close": 0.000780476556279,
    "high": 0.004099623510423,
    "low": 0.000374473406958,
    "open": 0.000565345773006,
    "timestamp": "1628467200",
  },
  {
    "close": 0.000810741847335,
    "high": 0.03919591002894,
    "low": 0.000460962583347,
    "open": 0.000863827320048,
    "timestamp": "1628553600",
  },
]
`;

exports[`Daily candles in USD 1`] = `
[
  {
    "close": 1.8705872211920556,
    "high": 28.429755487317554,
    "low": 0.05314449,
    "open": 0.05721891,
    "timestamp": "1628121600",
  },
  {
    "close": 2.605884672931215,
    "high": 10.43942081727024,
    "low": 1.0611574477192078,
    "open": 2.058384916661845,
    "timestamp": "1628208000",
  },
  {
    "close": 4.665026641482568,
    "high": 5.601616331010962,
    "low": 1.3880147583836242,
    "open": 2.639694267315344,
    "timestamp": "1628294400",
  },
  {
    "close": 1.8912373128895807,
    "high": 53.523860167852554,
    "low": 1.003724611665101,
    "open": 5.248015914971802,
    "timestamp": "1628380800",
  },
  {
    "close": 2.468132232983333,
    "high": 13.077798998249369,
    "low": 1.083164329626015,
    "open": 1.7040200013328446,
    "timestamp": "1628467200",
  },
  {
    "close": 2.54742385109283,
    "high": 126.8026885346238,
    "low": 1.406396841791697,
    "open": 2.7317070490073916,
    "timestamp": "1628553600",
  },
]
`;

exports[`Weekly candles in ETH 1`] = `
[
  {
    "close": 0.00062745711462,
    "high": 0.016768179150891,
    "low": 0.000021,
    "open": 0.000021,
    "timestamp": "1627862400",
  },
  {
    "close": 0.000814385808159,
    "high": 0.03919591002894,
    "low": 0.000363110969844,
    "open": 0.000565345773006,
    "timestamp": "1628467200",
  },
  {
    "close": 0.000500384099544,
    "high": 0.014792705292834,
    "low": 0.000245478205392,
    "open": 0.000914314387665,
    "timestamp": "1629072000",
  },
  {
    "close": 0.001483415978982,
    "high": 0.060672808623651,
    "low": 0.000376643577282,
    "open": 0.000562887430413,
    "timestamp": "1629676800",
  },
  {
    "close": 0.001767709615476,
    "high": 0.051324242827662,
    "low": 0.000794506360095,
    "open": 0.001668661121904,
    "timestamp": "1630281600",
  },
  {
    "close": 0.000875767984728,
    "high": 0.082780327606578,
    "low": 0.000602489908335,
    "open": 0.001721746319832,
    "timestamp": "1630886400",
  },
]
`;

exports[`Weekly candles in USD 1`] = `
[
  {
    "close": 1.889806710668247,
    "high": 53.49032380955078,
    "low": 0.05128872,
    "open": 0.0536655,
    "timestamp": "1627862400",
  },
  {
    "close": 2.6932471623045475,
    "high": 130.56079238819856,
    "low": 1.050563551281756,
    "open": 1.7027310129703912,
    "timestamp": "1628467200",
  },
  {
    "close": 1.6202437143234718,
    "high": 49.33367215160139,
    "low": 0.7241607059064,
    "open": 3.023957690043838,
    "timestamp": "1629072000",
  },
  {
    "close": 4.781746905769108,
    "high": 204.94607352174447,
    "low": 1.1500058345151307,
    "open": 1.822629499677294,
    "timestamp": "1629676800",
  },
  {
    "close": 6.982965616918688,
    "high": 206.72789120068325,
    "low": 2.497133489778585,
    "open": 5.378879066623886,
    "timestamp": "1630281600",
  },
  {
    "close": 2.981298131290905,
    "high": 328.63790059811464,
    "low": 1.810482174546675,
    "open": 6.801380052305952,
    "timestamp": "1630886400",
  },
]
`;
