// Vitest Snapshot v1

exports[`Daily candles 1`] = `
[
  {
    "close": "0",
    "high": "0",
    "low": "0",
    "open": "0",
    "timestamp": "1660369110",
  },
  {
    "close": "22450.5300709537031295429801111",
    "high": "22450.5300709537031295429801111",
    "low": "22450.5300709537031295429801111",
    "open": "22450.5300709537031295429801111",
    "timestamp": "1661552003",
  },
  {
    "close": "1385222.64918099069034989163723976",
    "high": "1385222.64918099069034989163723976",
    "low": "1385222.64918099069034989163723976",
    "open": "1385222.64918099069034989163723976",
    "timestamp": "1661635342",
  },
  {
    "close": "3546739.70069824994089027657905939",
    "high": "3546739.70069824994089027657905939",
    "low": "3546739.70069824994089027657905939",
    "open": "3546739.70069824994089027657905939",
    "timestamp": "1661721824",
  },
  {
    "close": "3661658.7094895565372932501535048",
    "high": "3661658.7094895565372932501535048",
    "low": "3661658.7094895565372932501535048",
    "open": "3661658.7094895565372932501535048",
    "timestamp": "1661811308",
  },
]
`;

exports[`Hourly candles 1`] = `
[
  {
    "close": "0",
    "high": "0",
    "low": "0",
    "open": "0",
    "timestamp": "1660369110",
  },
  {
    "close": "3721.153284837",
    "high": "3721.153284837",
    "low": "3721.153284837",
    "open": "3721.153284837",
    "timestamp": "1661478127",
  },
  {
    "close": "6115.1706",
    "high": "6115.1706",
    "low": "6115.1706",
    "open": "6115.1706",
    "timestamp": "1661482395",
  },
  {
    "close": "4670.53269273",
    "high": "4670.53269273",
    "low": "4670.53269273",
    "open": "4670.53269273",
    "timestamp": "1661489242",
  },
  {
    "close": "6377.49126157",
    "high": "6377.49126157",
    "low": "6377.49126157",
    "open": "6377.49126157",
    "timestamp": "1661494432",
  },
]
`;
